---
source: crates/squid-n-app/tests/full_model.rs
expression: out
---
model.nodes = 171
model.elements = 157
model.secondary_members = 56
model.slabs = 82
model.stories = 5
prep.total_seismic_weight = 3.187e6
prep.height = 1.630e4
prep.story[1FL].seismic_weight = 1.034e6
prep.story[2FL].seismic_weight = 1.029e6
prep.story[3FL].seismic_weight = 1.039e6
prep.story[RFL].seismic_weight = 8.417e4
prep.seismic.T = 4.890e-1
prep.seismic.Rt = 1.000e0
prep.seismic.base_shear = 6.374e5
prep.seismic[1FL].Ai = 1.000e0
prep.seismic[1FL].Qi = 6.374e5
prep.seismic[2FL].Ai = 1.215e0
prep.seismic[2FL].Qi = 5.229e5
prep.seismic[3FL].Ai = 1.528e0
prep.seismic[3FL].Qi = 3.433e5
prep.seismic[RFL].Ai = 3.429e0
prep.seismic[RFL].Qi = 5.772e4
eigen.T[0] = 5.266e-1
eigen.T[1] = 4.811e-1
eigen.T[2] = 4.312e-1
static.DL.min_uz = -8.620e-1
static.DL.sum_base_axial = -2.895e6
static.EX.story[1FL].max_ux = 0.000e0
static.EX.story[2FL].max_ux = 6.686e0
static.EX.story[3FL].max_ux = 1.266e1
static.EX.story[RFL].max_ux = 1.678e1
static.EX.story[PHRFL].max_ux = 1.962e1
design.member_checks = 115
design.joint_checks = 42
design.joist_checks = 0
design.slab_checks = 81
design.max_ratio = 6.092e-1
metrics[1FL].drift_angle = 1.486e-3
metrics[1FL].Rs = 7.760e-1
metrics[1FL].Re = 2.340e-2
metrics[2FL].drift_angle = 1.493e-3
metrics[2FL].Rs = 7.887e-1
metrics[2FL].Re = 8.168e-3
metrics[3FL].drift_angle = 1.032e-3
metrics[3FL].Rs = 1.180e0
metrics[3FL].Re = 2.695e-2
metrics[RFL].drift_angle = 7.467e-4
metrics[RFL].Rs = 1.255e0
metrics[RFL].Re = 3.511e-3
pushover.steps = 42
pushover.Qu = 2.269e6
pushover.mechanism = Partial
pushover.hinges = 0
holding[0].Qu = 2.269e6
holding[0].Qun = 7.968e5
holding[0].Ds = 2.500e-1
holding[0].Fes = 1.000e0
holding[1].Qu = 1.861e6
holding[1].Qun = 6.571e5
holding[1].Ds = 2.500e-1
holding[1].Fes = 1.000e0
holding[2].Qu = 1.222e6
holding[2].Qun = 4.335e5
holding[2].Ds = 2.500e-1
holding[2].Fes = 1.000e0
holding[3].Qu = 2.054e5
holding[3].Qun = 7.368e4
holding[3].Ds = 2.500e-1
holding[3].Fes = 1.000e0
ultimate.checks = 17
th.frames = 1001
th.peak_ux = 5.946e1
th.drift_angle[0] = 4.893e-3
th.drift_angle[1] = 4.664e-3
th.drift_angle[2] = 2.821e-3
th.drift_angle[3] = 1.749e-3
th_nl.frames = 1001
th_nl.peak_ux = 5.779e1
th_nl.drift_angle[0] = 4.454e-3
th_nl.drift_angle[1] = 4.849e-3
th_nl.drift_angle[2] = 3.150e-3
th_nl.drift_angle[3] = 1.925e-3
