---
source: crates/squid-n-app/tests/full_model.rs
expression: out
---
model.nodes = 171
model.elements = 157
model.joists() = 56
model.floor_regions = 26
model.stories = 5
prep.total_seismic_weight = 3.201e6
prep.height = 1.630e4
prep.story[1FL].seismic_weight = 1.039e6
prep.story[2FL].seismic_weight = 1.034e6
prep.story[3FL].seismic_weight = 1.043e6
prep.story[RFL].seismic_weight = 8.469e4
prep.seismic.T = 4.890e-1
prep.seismic.Rt = 1.000e0
prep.seismic.base_shear = 6.402e5
prep.seismic[1FL].Ai = 1.000e0
prep.seismic[1FL].Qi = 6.402e5
prep.seismic[2FL].Ai = 1.215e0
prep.seismic[2FL].Qi = 5.252e5
prep.seismic[3FL].Ai = 1.528e0
prep.seismic[3FL].Qi = 3.447e5
prep.seismic[RFL].Ai = 3.427e0
prep.seismic[RFL].Qi = 5.804e4
eigen.T[0] = 4.854e-1
eigen.T[1] = 4.519e-1
eigen.T[2] = 4.099e-1
static.DL.min_uz = -9.455e-1
static.DL.sum_base_axial = -3.201e6
static.EX.story[1FL].max_ux = 0.000e0
static.EX.story[2FL].max_ux = 6.146e0
static.EX.story[3FL].max_ux = 1.130e1
static.EX.story[RFL].max_ux = 1.482e1
static.EX.story[PHRFL].max_ux = 1.752e1
design.member_checks = 115
design.joint_checks = 42
design.joist_checks = 56
design.slab_checks = 81
design.max_ratio = 6.336e-1
design.joist_max_ratio = 3.130e-1
metrics[1FL].drift_angle = 1.366e-3
metrics[1FL].Rs = 7.575e-1
metrics[1FL].Re = 2.731e-2
metrics[2FL].drift_angle = 1.289e-3
metrics[2FL].Rs = 8.238e-1
metrics[2FL].Re = 8.531e-3
metrics[3FL].drift_angle = 8.800e-4
metrics[3FL].Rs = 1.250e0
metrics[3FL].Re = 2.593e-2
metrics[RFL].drift_angle = 7.108e-4
metrics[RFL].Rs = 1.169e0
metrics[RFL].Re = 4.522e-3
pushover.steps = 43
pushover.Qu = 2.515e6
pushover.mechanism = Partial
pushover.hinges = 0
holding[0].Qu = 2.515e6
holding[0].Qun = 8.003e5
holding[0].Ds = 2.500e-1
holding[0].Fes = 1.000e0
holding[1].Qu = 2.063e6
holding[1].Qun = 6.562e5
holding[1].Ds = 2.500e-1
holding[1].Fes = 1.000e0
holding[2].Qu = 1.354e6
holding[2].Qun = 4.305e5
holding[2].Ds = 2.500e-1
holding[2].Fes = 1.000e0
holding[3].Qu = 2.280e5
holding[3].Qun = 7.240e4
holding[3].Ds = 2.500e-1
holding[3].Fes = 1.000e0
ultimate.checks = 17
th.frames = 1001
th.peak_ux = 4.074e1
th.drift_angle[0] = 3.385e-3
th.drift_angle[1] = 2.962e-3
th.drift_angle[2] = 1.730e-3
th.drift_angle[3] = 1.553e-3
th_nl.frames = 1001
th_nl.peak_ux = 6.905e1
th_nl.drift_angle[0] = 5.265e-3
th_nl.drift_angle[1] = 5.040e-3
th_nl.drift_angle[2] = 3.213e-3
th_nl.drift_angle[3] = 3.444e-3
