---
source: crates/squid-n-app/tests/wall_model.rs
assertion_line: 370
expression: out
---
prep.total_seismic_weight = 3.277e4
eigen.T[0] = 7.973e-2
eigen.T[1] = 7.491e-2
eigen.T[2] = 4.936e-2
static.DL.wall_forces_len = 3
static.DL.wall_forces_abs_sum = 3.486e-4
static.EX.wall_forces_abs_sum = 5.531e-1
static.EX.top_disp_x[node4] = 2.062e-1
