---
source: crates/squid-n-app/tests/wall_model.rs
expression: out
---
prep.total_seismic_weight = 2.787e4
eigen.T[0] = 7.151e-2
eigen.T[1] = 5.254e-2
eigen.T[2] = 1.343e-2
static.DL.wall_forces_len = 3
static.DL.wall_forces_abs_sum = 3.373e5
static.EX.wall_forces_abs_sum = 1.938e7
static.EX.top_disp_x[node4] = 6.274e-3
